
69. Printing statistics.

=== FIR_IIR ===

   Number of wires:             702791
   Number of wire bits:         702858
   Number of public wires:       19053
   Number of public wire bits:   19120
   Number of memories:               0
   Number of memory bits:            0
   Number of processes:              0
   Number of cells:             702816
     sky130_fd_sc_hd__a2111o_2      10
     sky130_fd_sc_hd__a2111oi_2      2
     sky130_fd_sc_hd__a211o_2       77
     sky130_fd_sc_hd__a211oi_2      66
     sky130_fd_sc_hd__a21bo_2     3793
     sky130_fd_sc_hd__a21boi_2    2201
     sky130_fd_sc_hd__a21boi_4       2
     sky130_fd_sc_hd__a21o_2     12927
     sky130_fd_sc_hd__a21o_4         3
     sky130_fd_sc_hd__a21oi_2    17269
     sky130_fd_sc_hd__a21oi_4       39
     sky130_fd_sc_hd__a221o_2       21
     sky130_fd_sc_hd__a221oi_2       1
     sky130_fd_sc_hd__a22o_2        67
     sky130_fd_sc_hd__a2bb2o_2      38
     sky130_fd_sc_hd__a311o_2        5
     sky130_fd_sc_hd__a31o_2      2417
     sky130_fd_sc_hd__a31oi_2      177
     sky130_fd_sc_hd__a32o_2        12
     sky130_fd_sc_hd__a41o_2        36
     sky130_fd_sc_hd__and2_2     45003
     sky130_fd_sc_hd__and2_4       198
     sky130_fd_sc_hd__and2b_2    10976
     sky130_fd_sc_hd__and2b_4        1
     sky130_fd_sc_hd__and3_2      1652
     sky130_fd_sc_hd__and3_4         1
     sky130_fd_sc_hd__and3b_2       10
     sky130_fd_sc_hd__and4_2        44
     sky130_fd_sc_hd__and4_4         1
     sky130_fd_sc_hd__and4b_2        3
     sky130_fd_sc_hd__buf_1      16291
     sky130_fd_sc_hd__buf_12        42
     sky130_fd_sc_hd__buf_2        800
     sky130_fd_sc_hd__buf_4         76
     sky130_fd_sc_hd__buf_6         80
     sky130_fd_sc_hd__buf_8        102
     sky130_fd_sc_hd__bufinv_8      75
     sky130_fd_sc_hd__dfxtp_2    18593
     sky130_fd_sc_hd__inv_12        25
     sky130_fd_sc_hd__inv_2      32977
     sky130_fd_sc_hd__inv_4        170
     sky130_fd_sc_hd__inv_6         17
     sky130_fd_sc_hd__inv_8         15
     sky130_fd_sc_hd__mux2_2      9082
     sky130_fd_sc_hd__nand2_2   324600
     sky130_fd_sc_hd__nand2_4      180
     sky130_fd_sc_hd__nand2_8       18
     sky130_fd_sc_hd__nand2b_2    1020
     sky130_fd_sc_hd__nand2b_4      21
     sky130_fd_sc_hd__nand3_2    13862
     sky130_fd_sc_hd__nand3_4        8
     sky130_fd_sc_hd__nand3b_2     140
     sky130_fd_sc_hd__nand3b_4       6
     sky130_fd_sc_hd__nor2_2     21336
     sky130_fd_sc_hd__nor2_4        15
     sky130_fd_sc_hd__nor2b_2      576
     sky130_fd_sc_hd__nor2b_4        2
     sky130_fd_sc_hd__nor3_2        14
     sky130_fd_sc_hd__nor3b_2        2
     sky130_fd_sc_hd__o2111a_2       6
     sky130_fd_sc_hd__o2111ai_2     14
     sky130_fd_sc_hd__o211a_2       33
     sky130_fd_sc_hd__o211ai_2      25
     sky130_fd_sc_hd__o21a_2      3148
     sky130_fd_sc_hd__o21ai_2     2398
     sky130_fd_sc_hd__o21ba_2       41
     sky130_fd_sc_hd__o21bai_2      30
     sky130_fd_sc_hd__o221a_2       23
     sky130_fd_sc_hd__o221ai_2       4
     sky130_fd_sc_hd__o22a_2         3
     sky130_fd_sc_hd__o2bb2a_2       6
     sky130_fd_sc_hd__o311a_2        9
     sky130_fd_sc_hd__o311ai_2       1
     sky130_fd_sc_hd__o31a_2       335
     sky130_fd_sc_hd__o31ai_2       51
     sky130_fd_sc_hd__o41ai_2        3
     sky130_fd_sc_hd__or2_2     119743
     sky130_fd_sc_hd__or2_4        807
     sky130_fd_sc_hd__or2b_2     13881
     sky130_fd_sc_hd__or3_2       2247
     sky130_fd_sc_hd__or3_4         37
     sky130_fd_sc_hd__or3b_2      1379
     sky130_fd_sc_hd__or3b_4         7
     sky130_fd_sc_hd__or4_2        793
     sky130_fd_sc_hd__or4_4          6
     sky130_fd_sc_hd__or4b_2         3
     sky130_fd_sc_hd__xnor2_2     9996
     sky130_fd_sc_hd__xor2_2     10590

   Chip area for module '\FIR_IIR': 5123064.675215

