==========================================================================
 report_power
============================================================================
======================= Typical Corner ===================================

Group                  Internal  Switching    Leakage      Total
                          Power      Power      Power      Power (Watts)
----------------------------------------------------------------
Sequential             5.64e-02   2.50e-03   1.58e-07   5.89e-02   9.3%
Combinational          3.16e-01   2.58e-01   3.93e-06   5.74e-01  90.7%
Macro                  0.00e+00   0.00e+00   0.00e+00   0.00e+00   0.0%
Pad                    0.00e+00   0.00e+00   0.00e+00   0.00e+00   0.0%
----------------------------------------------------------------
Total                  3.73e-01   2.60e-01   4.09e-06   6.33e-01 100.0%
                          58.9%      41.1%       0.0%

power_report_end
skew_report

===========================================================================
report_clock_skew
============================================================================
Clock clk
Latency      CRPR       Skew
_1376500_/CLK ^
   1.71
_1384890_/CLK ^
   1.47      0.00       0.24

Clock clk_1
Latency      CRPR       Skew
_1385385_/CLK ^
   0.89
_1385284_/CLK ^
   0.63      0.00       0.26

skew_report_end
summary_report

===========================================================================
report_tns
============================================================================
tns 0.00

===========================================================================
report_wns
============================================================================
wns 0.00

===========================================================================
report_worst_slack -max (Setup)
============================================================================
worst slack 4.09

===========================================================================
report_worst_slack -min (Hold)
============================================================================
worst slack 0.08
summary_report_end
area_report

===========================================================================
report_design_area
============================================================================
Design area 5046736 u^2 20% utilization.
area_report_end